nrow=2 a1=0 a2=0 time=[30, 90]
nrow=2 a1=0 a2=0 time=[150, 210]
nrow=1 a1=0 a2=0 time=[270]
nrow=2 a1=0 a2=1 time=[30, 90]
nrow=2 a1=0 a2=1 time=[150, 210]
nrow=1 a1=0 a2=1 time=[270]
nrow=2 a1=0 a2=2 time=[30, 90]
nrow=2 a1=0 a2=2 time=[150, 210]
nrow=1 a1=0 a2=2 time=[270]
nrow=2 a1=1 a2=1 time=[30, 90]
nrow=2 a1=1 a2=1 time=[150, 210]
nrow=1 a1=1 a2=1 time=[270]
nrow=2 a1=1 a2=2 time=[30, 90]
nrow=2 a1=1 a2=2 time=[150, 210]
nrow=1 a1=1 a2=2 time=[270]
nrow=2 a1=2 a2=2 time=[30, 90]
nrow=2 a1=2 a2=2 time=[150, 210]
nrow=1 a1=2 a2=2 time=[270]
