
Testing Array logical operators.

x= 
[1, 1, 1, 1, 1]

y= 
[0, 1, 2, 3, 4]

b= (x <= y) = 
[0, 1, 1, 1, 1]

b= (x < y) = 
[0, 0, 1, 1, 1]

b= (x >= y) = 
[1, 1, 0, 0, 0]

b= (x > y) = 
[1, 0, 0, 0, 0]

b= (x == y) = 
[0, 1, 0, 0, 0]

b= (x != y) = 
[1, 0, 1, 1, 1]

b= (y <= 1) = 
[1, 1, 0, 0, 0]

b= (y < 1) = 
[1, 0, 0, 0, 0]

b= (y >= 1) = 
[0, 1, 1, 1, 1]

b= (y > 1) = 
[0, 0, 1, 1, 1]

b= (y == 1) = 
[0, 1, 0, 0, 0]

b= (y != 1) = 
[1, 0, 1, 1, 1]

b= (1 <= y) = 
[0, 1, 1, 1, 1]

b= (1 < y) = 
[0, 0, 1, 1, 1]

b= (1 >= y) = 
[1, 1, 0, 0, 0]

b= (1 > y) = 
[1, 0, 0, 0, 0]

b= (1 == y) = 
[0, 1, 0, 0, 0]

b= (1 != y) = 
[1, 0, 1, 1, 1]

b= ! (y >= 3) = 
[1, 1, 1, 0, 0]
c=   (y <  3) = 
[1, 1, 1, 0, 0]
allEQ (b, c) = 1

 near(x1, x2, 0.99e-4) [0, 0]
 near(x1, x2, 1.01e-4) [1, 0]
 near(x1, x2, 2.01e-4) [1, 1]
 nearAbs(x1, x2, 0.99) [0, 0]
 nearAbs(x1, x2, 1.01) [1, 0]
 nearAbs(x1, x2, 2.01) [1, 1]
OK
OK
