Axis Lengths: [3, 3]  (NB: Matrix in Row/Column order)
[12, 52, 41
 20, 60, 45
 13, 33, 24]

Axis Lengths: [5, 5]  (NB: Matrix in Row/Column order)
[0, 5, 10, 15, 20
 1, 6, 11, 16, 21
 2, 7, 12, 17, 22
 3, 8, 13, 18, 23
 4, 9, 14, 19, 24]

Axis Lengths: [1, 5]  (NB: Matrix in Row/Column order)
[10, 35, 60, 85, 110]

Axis Lengths: [3, 3]  (NB: Matrix in Row/Column order)
[12, 52, 41
 20, 60, 45
 13, 33, 24]

Axis Lengths: [5, 5]  (NB: Matrix in Row/Column order)
[0, 5, 10, 15, 20
 1, 6, 11, 16, 21
 2, 7, 12, 17, 22
 3, 8, 13, 18, 23
 4, 9, 14, 19, 24]

Axis Lengths: [5, 5]  (NB: Matrix in Row/Column order)
[0, 5, 10, 15, 20
 1, 6, 11, 16, 21
 2, 7, 12, 17, 22
 3, 8, 13, 18, 23
 4, 9, 14, 19, 24]

Axis Lengths: [3, 3]  (NB: Matrix in Row/Column order)
[3, 13, 20.5
 5, 15, 22.5
 6.5, 16.5, 24]

Axis Lengths: [5, 5]  (NB: Matrix in Row/Column order)
[0, 5, 10, 15, 20
 1, 6, 11, 16, 21
 2, 7, 12, 17, 22
 3, 8, 13, 18, 23
 4, 9, 14, 19, 24]

Axis Lengths: [1, 1]  (NB: Matrix in Row/Column order)
[12]

Axis Lengths: [5, 5]  (NB: Matrix in Row/Column order)
[1, 1, 1, 1, 1
 1, 1, 0, 1, 1
 1, 1, 0, 1, 1
 1, 1, 0, 1, 1
 1, 1, 0, 1, 1]

250
Array: Axis Lengths: [3, 3]  (NB: Matrix in Row/Column order)
[12, 41, 41
 20, 35, 45
 13, 19, 24]

Mask:  Axis Lengths: [3, 3]  (NB: Matrix in Row/Column order)
[1, 1, 1
 1, 1, 1
 1, 1, 1]

Array: Axis Lengths: [5, 5]  (NB: Matrix in Row/Column order)
[0, 5, 10, 15, 20
 1, 6, 0, 16, 21
 2, 7, 0, 17, 22
 3, 8, 0, 18, 23
 4, 9, 0, 19, 24]

Mask:  Axis Lengths: [5, 5]  (NB: Matrix in Row/Column order)
[1, 1, 1, 1, 1
 1, 1, 0, 1, 1
 1, 1, 0, 1, 1
 1, 1, 0, 1, 1
 1, 1, 0, 1, 1]

Array: Axis Lengths: [3, 3]  (NB: Matrix in Row/Column order)
[12, 41, 41
 20, 35, 45
 13, 19, 24]

Mask:  Axis Lengths: [3, 3]  (NB: Matrix in Row/Column order)
[1, 1, 1
 1, 1, 1
 1, 1, 1]

Array: Axis Lengths: [5, 5]  (NB: Matrix in Row/Column order)
[0, 5, 10, 15, 20
 1, 6, 0, 16, 21
 2, 7, 0, 17, 22
 3, 8, 0, 18, 23
 4, 9, 0, 19, 24]

Mask:  Axis Lengths: [5, 5]  (NB: Matrix in Row/Column order)
[1, 1, 1, 1, 1
 1, 1, 0, 1, 1
 1, 1, 0, 1, 1
 1, 1, 0, 1, 1
 1, 1, 0, 1, 1]

Array: Axis Lengths: [3, 3]  (NB: Matrix in Row/Column order)
[3, 15, 20.5
 5, 17.5, 22.5
 6.5, 19, 24]

Mask:  Axis Lengths: [3, 3]  (NB: Matrix in Row/Column order)
[1, 1, 1
 1, 1, 1
 1, 1, 1]

Array: Axis Lengths: [5, 5]  (NB: Matrix in Row/Column order)
[0, 5, 10, 15, 20
 1, 6, 0, 16, 21
 2, 7, 0, 17, 22
 3, 8, 0, 18, 23
 4, 9, 0, 19, 24]

Mask:  Axis Lengths: [5, 5]  (NB: Matrix in Row/Column order)
[1, 1, 1, 1, 1
 1, 1, 0, 1, 1
 1, 1, 0, 1, 1
 1, 1, 0, 1, 1
 1, 1, 0, 1, 1]

