>>>
HDF5 error: Could not open or create HDF5 file tHDF5File_tmpx
<<<
>>>
HDF5 error: Could not open or create HDF5 file tHDF5File_tmp
<<<
OK
