testing the MLCG generator
random integers, floats & doubles
0: 4ffb0fe8: 0.951057: 0.224307257582
1: 7d0a8f71: 0.990539: 0.124021621998
2: 615c0703: 0.988474: 0.990468198826
3: 1d66a4ae: 0.0601412: 0.514878396855
resetting the generator. Should get the same numbers
0: 4ffb0fe8: 0.951057: 0.224307257582
1: 7d0a8f71: 0.990539: 0.124021621998
2: 615c0703: 0.988474: 0.990468198826
3: 1d66a4ae: 0.0601412: 0.514878396855
Using a different seed
0: 3e84478b: 0.916736: 0.368252914916
1: 3d4139c3: 0.114195: 0.816914884857
2: 6636898c: 0.175281: 0.467684062113
3: 319ee548: 0.559797: 0.0895876175065
resetting the generator. Should get the same numbers
0: 3e84478b: 0.916736: 0.368252914916
1: 3d4139c3: 0.114195: 0.816914884857
2: 6636898c: 0.175281: 0.467684062113
3: 319ee548: 0.559797: 0.0895876175065
testing the ACG generator
random integers, floats & doubles
0: 5ae6c126: 0.941752: 0.223244717431
1: f4cc99d2: 0.956651: 0.43620916494
2: 5c3b00ed: 0.418954: 0.0735634721186
3: 627137fe: 0.913327: 0.64354605158
resetting the generator. Should get the same numbers
0: 5ae6c126: 0.941752: 0.223244717431
1: f4cc99d2: 0.956651: 0.43620916494
2: 5c3b00ed: 0.418954: 0.0735634721186
3: 627137fe: 0.913327: 0.64354605158
Using a different seed
0: cbda4069: 0.913194: 0.718020789668
1: ea25a3d6: 0.915639: 0.949607629571
2: 60bd8523: 0.0316063: 0.39812996443
3: 16a769f9: 0.0873321: 0.804342518522
resetting the generator. Should get the same numbers
0: cbda4069: 0.913194: 0.718020789668
1: ea25a3d6: 0.915639: 0.949607629571
2: 60bd8523: 0.0316063: 0.39812996443
3: 16a769f9: 0.0873321: 0.804342518522
OK
