1 
[3, 5][7, 8][5, 4][11, 20]
Axis Lengths: [5, 4]  (NB: Matrix in Row/Column order)
[1, 1, 1, 1
 1, 1, 1, 1
 1, 1, 1, 1
 1, 1, 1, 1
 1, 1, 1, 1]

LCIntersection::LCIntersection - regions do not overlap
OK
