0 []
[3, 4][7, 8][5, 5][11, 20]com1
1 Axis Lengths: [11, 11]  (NB: Matrix in Row/Column order)
[0, 0, 0, 1, 1, 1, 1, 1, 0, 0, 0
 0, 1, 1, 1, 1, 1, 1, 1, 1, 1, 0
 0, 1, 1, 1, 1, 1, 1, 1, 1, 1, 0
 1, 1, 1, 1, 1, 1, 1, 1, 1, 1, 1
 1, 1, 1, 1, 1, 1, 1, 1, 1, 1, 1
 1, 1, 1, 1, 1, 1, 1, 1, 1, 1, 1
 1, 1, 1, 1, 1, 1, 1, 1, 1, 1, 1
 1, 1, 1, 1, 1, 1, 1, 1, 1, 1, 1
 0, 1, 1, 1, 1, 1, 1, 1, 1, 1, 0
 0, 1, 1, 1, 1, 1, 1, 1, 1, 1, 0
 0, 0, 0, 1, 1, 1, 1, 1, 0, 0, 0]

[0, 5][10, 15][11, 11][11, 20]
[5, 10][5, 5]
0 []
[3, 4][7, 8][5, 5][10, 20]com1
1 Axis Lengths: [10, 9]  (NB: Matrix in Row/Column order)
[0, 1, 1, 1, 1, 1, 1, 1, 1
 0, 1, 1, 1, 1, 1, 1, 1, 1
 1, 1, 1, 1, 1, 1, 1, 1, 1
 1, 1, 1, 1, 1, 1, 1, 1, 1
 1, 1, 1, 1, 1, 1, 1, 1, 1
 1, 1, 1, 1, 1, 1, 1, 1, 1
 1, 1, 1, 1, 1, 1, 1, 1, 1
 0, 1, 1, 1, 1, 1, 1, 1, 1
 0, 1, 1, 1, 1, 1, 1, 1, 1
 0, 0, 0, 1, 1, 1, 1, 1, 0]

[0, 11][9, 19][10, 9][10, 20]
[4, 16][5, 5]
1 Axis Lengths: [11, 12]  (NB: Matrix in Row/Column order)
[0, 0, 0, 1, 1, 1, 1, 1, 1, 0, 0, 0
 0, 0, 1, 1, 1, 1, 1, 1, 1, 1, 0, 0
 0, 1, 1, 1, 1, 1, 1, 1, 1, 1, 1, 0
 0, 1, 1, 1, 1, 1, 1, 1, 1, 1, 1, 0
 0, 1, 1, 1, 1, 1, 1, 1, 1, 1, 1, 0
 1, 1, 1, 1, 1, 1, 1, 1, 1, 1, 1, 1
 0, 1, 1, 1, 1, 1, 1, 1, 1, 1, 1, 0
 0, 1, 1, 1, 1, 1, 1, 1, 1, 1, 1, 0
 0, 1, 1, 1, 1, 1, 1, 1, 1, 1, 1, 0
 0, 0, 1, 1, 1, 1, 1, 1, 1, 1, 0, 0
 0, 0, 0, 1, 1, 1, 1, 1, 1, 0, 0, 0]

[0, 5][10, 16][11, 12][11, 20]
[5, 10.5][5.01, 5.01]
1 Axis Lengths: [9, 17]  (NB: Matrix in Row/Column order)
[0, 0, 0, 0, 1, 1, 1, 1, 1, 1, 1, 1, 1, 0, 0, 0, 0
 0, 0, 1, 1, 1, 1, 1, 1, 1, 1, 1, 1, 1, 1, 1, 0, 0
 0, 1, 1, 1, 1, 1, 1, 1, 1, 1, 1, 1, 1, 1, 1, 1, 0
 1, 1, 1, 1, 1, 1, 1, 1, 1, 1, 1, 1, 1, 1, 1, 1, 1
 1, 1, 1, 1, 1, 1, 1, 1, 1, 1, 1, 1, 1, 1, 1, 1, 1
 1, 1, 1, 1, 1, 1, 1, 1, 1, 1, 1, 1, 1, 1, 1, 1, 1
 0, 1, 1, 1, 1, 1, 1, 1, 1, 1, 1, 1, 1, 1, 1, 1, 0
 0, 0, 1, 1, 1, 1, 1, 1, 1, 1, 1, 1, 1, 1, 1, 0, 0
 0, 0, 0, 0, 1, 1, 1, 1, 1, 1, 1, 1, 1, 0, 0, 0, 0]

[1, 2][9, 18][9, 17][11, 20]
[5, 10][4, 8]
OK
