Test Earth Magnetic field machine
--------------------------------------
Date:      1998/05/18
Position:  [6.36457e+06, 0.115264, 0.92034]
           [6.60417, 52.7316] deg
           6364.57 km
Result:    [41647.4, 1813.7, 24906]
----------- H=0 -- El=90 ------
LOS:           44998.9
LOS:           0.449989 G
Long:          0.115264
Long:          6.60417 deg
LOS:           44998.9
LOS:           0.449989 G
----------- H=0 -- El=90 ------
LOS:           44998.9
LOS:           0.449989 G
Long:          0.115264
Long:          6.60417 deg
LOS:           44998.9
LOS:           0.449989 G
----------- Along field ------
LOS:           34962.8
LOS:           0.349628 G
Long:          0.115264
Long:          6.60417 deg
LOS:           34962.8
LOS:           0.349628 G
----------- Ha=0 -- Dec= 52.7316 ------
LOS:           44999
LOS:           0.44999 G
Long:          0.115264
Long:          6.60417 deg
LOS:           44999
LOS:           0.44999 G
----------- H=0 -- El=45 ------
LOS:           19085.8
LOS:           0.190858 G
Long:          0.115264
Long:          6.60417 deg
LOS:           19085.8
LOS:           0.190858 G
----------- H=200 -- El=45 ------
LOS:           19600.9
LOS:           0.196009 G
Long:          0.115264
Long:          6.60417 deg
LOS:           19600.9
LOS:           0.196009 G
----------- H=200 -- El=0 -- N ----
LOS:           864.604
LOS:           0.00864604 G
Long:          0.115264
Long:          6.60417 deg
LOS:           864.604
LOS:           0.00864604 G
----------- H=200 -- El=5 -- E ----
LOS:           3048.74
LOS:           0.0304874 G
Long:          0.39911
Long:          22.8673 deg
LOS:           3048.74
LOS:           0.0304874 G
----------- H=200 -- El=5 -- W ----
LOS:           7557.64
LOS:           0.0755764 G
Long:          -0.168581
Long:          -9.659 deg
LOS:           7557.64
LOS:           0.0755764 G
------------- recalculate ----------
LOS:           0.0755764 G
------------- use set() ------------
LOS:           0.0755764 G
LOS:           0.0755764 G
LOS:           7557.64
LOS:           0.0755764 G
Long:          -0.168581
Long:          -9.659 deg
Field:         [38718.3, 377.355, 21091.1]
Field:         [38718.3, 377.355, 21091.1]
Pos:           [4.01992e+06, -684178, 5.14449e+06]
Pos:           [4.01992e+06, -684178, 5.14449e+06]
LOS:           0.0755764 G
------------- iterate height ------------
LOS:           0.0755764 G
LOS:           7557.64
LOS:           0.0755764 G
Long:          -0.168581
Long:          -9.659 deg
Field:         [38718.3, 377.355, 21091.1]
Pos:           [4.01992e+06, -684178, 5.14449e+06]
LOS 190:       0.0755459 G
LOS 200:       0.0755764 G
LOS 210:       0.0756062 G
