Test measure class MeasJPL
---------------------------
DE200: 51116::00:00:00.0000000
---------------------------
Mercury0:   [0.112635159, -0.378671577, -0.214656378, 0.0214596316, 0.00873928166, 0.00244336875]
Mercury:    [0.112635159, -0.378671577, -0.214656378, 0.0214596316, 0.00873928166, 0.00244336875]
Venus:      [-0.590618963, -0.402576215, -0.144035251, 0.0118285844, -0.0146926142, -0.00735831801]
Venus:      [-0.810021815, -0.552125037, -0.197541397]
Earth:      [0.791134643, 0.541235184, 0.234895275, -0.0104883661, 0.0126342196, 0.0054783985]
Mars:       [-1.17789402, 1.05226562, 0.514485072, -0.00936377554, -0.00801489163, -0.00342273851]
Jupiter:    [4.94633894, -0.187963308, -0.20105115, 0.000286172646, 0.00725274959, 0.0031018692]
Saturn:     [7.99348975, 4.46636965, 1.50082979, -0.00311780692, 0.0043883827, 0.00194651371]
Uranus:     [13.2265021, -13.5166811, -6.10703428, 0.00290631103, 0.00224550355, 0.00094236082]
Neptune:    [15.681093, -23.6715664, -10.0793028, 0.00266008804, 0.001553314, 0.000569557175]
Pluto:      [-11.1730412, -27.468227, -5.20568214, 0.00298537174, -0.0012626622, -0.00129351537]
Moon:       [0.793219046, 0.539884505, 0.234327217, -0.0101744223, 0.0131311316, 0.00563522659]
SUN:        [-0.00839636156, 0.000716225798, 0.00055030648, 3.56132935e-07, -8.3589462e-06, -3.58657669e-06]
Barycentre: [0, 0, 0, 0, 0, 0]
Earth/Moon: [0.791159666, 0.54121897, 0.234888456, -0.0104845972, 0.0126401849, 0.00548028117]
Nutation:   [-5.17424774e-05, -3.70226372e-05, -2.0672392e-07, 1.19726803e-07, 1890944.74, 819838.394]
Libration:  [0, 0, 0, 0, 0, 0]
DE405: 51116::00:00:00.0000000
---------------------------
Mercury:    [0.112637744, -0.378676342, -0.21465838, 0.021459632, 0.008739282, 0.00244336657]
Venus:      [-0.590616356, -0.402580995, -0.144037238, 0.0118285851, -0.0146926137, -0.00735831838]
Earth:      [0.791137221, 0.541230466, 0.234893242, -0.0104883661, 0.012634219, 0.00547839922]
Mars:       [-1.17789144, 1.0522608, 0.514483169, -0.00936377497, -0.00801489194, -0.00342273798]
Jupiter:    [4.94634107, -0.18797011, -0.201056025, 0.000286178011, 0.00725275016, 0.00310186884]
Saturn:     [7.99349803, 4.46636103, 1.50082792, -0.00311780118, 0.00438838396, 0.00194651469]
Uranus:     [13.2264768, -13.5166788, -6.10703383, 0.0029063126, 0.00224550748, 0.000942363076]
Neptune:    [15.6810431, -23.6716735, -10.0793458, 0.0026600922, 0.00155330188, 0.000569551256]
Pluto:      [-11.1724049, -27.4679268, -5.20569128, 0.00298543173, -0.00126258865, -0.00129350676]
Moon:       [0.793221624, 0.539879787, 0.234325184, -0.0101744222, 0.0131311309, 0.00563522725]
SUN:        [-0.00839376368, 0.000711458554, 0.000548321414, 3.5653306e-07, -8.3588289e-06, -3.58654944e-06]
Barycentre: [0, 0, 0, 0, 0, 0]
Earth/Moon: [0.791162243, 0.541214252, 0.234886423, -0.0104845973, 0.0126401843, 0.0054802819]
Nutation:   [-5.17424758e-05, -3.70226373e-05, -2.06726636e-07, 1.19728605e-07, 1890944.66, 819838.502]
Libration:  [-0.0338641195, 0.431994327, 2465.69683, -0.000115944255, -6.9822504e-05, 0.230073691]
Venus JNAT: Direction: [-0.805429762, -0.550020309, -0.220817931]
Venus APP:  Direction: [-0.805689038, -0.549705008, -0.220657152]
Sun   JNAT: Direction: [-0.805053259, -0.544252201, -0.235963537]
Sun   APP:  Direction: [-0.805312853, -0.543937631, -0.235803016]
Sun   APP:  [-145.963475, -13.6389626] deg
Moon  JNAT: Direction: [0.818069535, -0.530141109, -0.222963319]
Moon  APP:  Direction: [0.817892627, -0.530380339, -0.223043374]
Moon  APP:  [-32.9622731, -12.8878482] deg
