Test measure class MeasIERS
---------------------------
MEASURED  51116 X: 0.15712 1
PREDICTED 51116 X: 0 0
MEASURED  51116.5 X: 0.157685 1
PREDICTED 51116.5 X: 0 0
MEASURED  51117 X: 0.15825 1
PREDICTED 51117 X: 0 0
MEASURED  37660 X: 0 0
PREDICTED 37660 X: 0 0
MEASURED  37665 X: -0.0127 1
PREDICTED 37665 X: 0 0
MEASURED  55000 X: 0.091192 1
PREDICTED 55000 X: 0.09119 1
MEASURED  55809 X: 0.166538 1
PREDICTED 55809 X: 0.16653 1
MEASURED  600000 X: 0 0
PREDICTED 600000 X: 0 0
2015/06/29/00:00:00 57202.000 -0.675
2015/06/29/01:00:00 57202.042 -0.675
2015/06/29/02:00:00 57202.083 -0.675
2015/06/29/03:00:00 57202.125 -0.675
2015/06/29/04:00:00 57202.167 -0.676
2015/06/29/05:00:00 57202.208 -0.676
2015/06/29/06:00:00 57202.250 -0.676
2015/06/29/07:00:00 57202.292 -0.676
2015/06/29/08:00:00 57202.333 -0.676
2015/06/29/09:00:00 57202.375 -0.676
2015/06/29/10:00:00 57202.417 -0.676
2015/06/29/11:00:00 57202.458 -0.676
2015/06/29/12:00:00 57202.500 -0.676
2015/06/29/13:00:00 57202.542 -0.676
2015/06/29/14:00:00 57202.583 -0.676
2015/06/29/15:00:00 57202.625 -0.676
2015/06/29/16:00:00 57202.667 -0.676
2015/06/29/17:00:00 57202.708 -0.676
2015/06/29/18:00:00 57202.750 -0.676
2015/06/29/19:00:00 57202.792 -0.676
2015/06/29/20:00:00 57202.833 -0.676
2015/06/29/21:00:00 57202.875 -0.676
2015/06/29/22:00:00 57202.917 -0.676
2015/06/29/23:00:00 57202.958 -0.676
2015/06/30/00:00:00 57203.000 -0.676
2015/06/30/01:00:00 57203.042 -0.676
2015/06/30/02:00:00 57203.083 -0.676
2015/06/30/03:00:00 57203.125 -0.676
2015/06/30/04:00:00 57203.167 -0.676
2015/06/30/05:00:00 57203.208 -0.676
2015/06/30/06:00:00 57203.250 -0.676
2015/06/30/07:00:00 57203.292 -0.676
2015/06/30/08:00:00 57203.333 -0.676
2015/06/30/09:00:00 57203.375 -0.676
2015/06/30/10:00:00 57203.417 -0.676
2015/06/30/11:00:00 57203.458 -0.676
2015/06/30/12:00:00 57203.500 -0.676
2015/06/30/13:00:00 57203.542 -0.676
2015/06/30/14:00:00 57203.583 -0.676
2015/06/30/15:00:00 57203.625 -0.676
2015/06/30/16:00:00 57203.667 -0.677
2015/06/30/17:00:00 57203.708 -0.677
2015/06/30/18:00:00 57203.750 -0.677
2015/06/30/19:00:00 57203.792 -0.677
2015/06/30/20:00:00 57203.833 -0.677
2015/06/30/21:00:00 57203.875 -0.677
2015/06/30/22:00:00 57203.917 -0.677
2015/06/30/23:00:00 57203.958 -0.677
2015/07/01/00:00:00 57204.000 0.323
2015/07/01/01:00:00 57204.042 0.323
2015/07/01/02:00:00 57204.083 0.323
2015/07/01/03:00:00 57204.125 0.323
2015/07/01/04:00:00 57204.167 0.323
2015/07/01/05:00:00 57204.208 0.323
2015/07/01/06:00:00 57204.250 0.323
2015/07/01/07:00:00 57204.292 0.323
2015/07/01/08:00:00 57204.333 0.323
2015/07/01/09:00:00 57204.375 0.323
2015/07/01/10:00:00 57204.417 0.323
2015/07/01/11:00:00 57204.458 0.323
2015/07/01/12:00:00 57204.500 0.323
2015/07/01/13:00:00 57204.542 0.323
2015/07/01/14:00:00 57204.583 0.323
2015/07/01/15:00:00 57204.625 0.323
2015/07/01/16:00:00 57204.667 0.323
2015/07/01/17:00:00 57204.708 0.323
2015/07/01/18:00:00 57204.750 0.323
2015/07/01/19:00:00 57204.792 0.323
2015/07/01/20:00:00 57204.833 0.323
2015/07/01/21:00:00 57204.875 0.323
2015/07/01/22:00:00 57204.917 0.323
2015/07/01/23:00:00 57204.958 0.323
