Test measure class Muvw
--------------------------------------

Muvw state transition matrix:

   |  0  1  2  3  4  5  6  7  8  9 10 11 12 13 14 15 16 17 18 19 20 21
----------------------------------------------------------------------
  0| -- 10 10 18  4  5  4  4  2 18 18 18 18 18 18 34 10 10  2 18 18 47
   |     1  1 14  4  5  4  4  8 14 14 14 14 14 14 15  1  1  8 14 14 21
  1| 12 -- 13 12 12 12 12 12 12 12 12 12 12 12 12 12 36 13 12 12 12 12
   |  0     2  0  0  0  0  0  0  0  0  0  0  0  0  0 16  2  0  0  0  0
  2| 16 16 -- 16 16 16 16 16 16 16 16 16 16 16 16 16 16 38 16 16 16 16
   |  1  1     1  1  1  1  1  1  1  1  1  1  1  1  1  1 17  1  1  1  1
  3| 32 32 32 -- 21 21 21 21 32 22 22 22 22 22 32 32 32 32 32 22 22 32
   | 14 14 14     4  4  4  4 14 20 20 20 20 20 14 14 14 14 14 20 20 14
  4|  6  6  6 20 --  8 11 11  3 20 20 20 20 20  6  6  6  6  3 20 20  6
   |  0  0  0  3     5  6  6  8  3  3  3  3  3  0  0  0  0  8  3  3  0
  5|  7  7  7  9  9 --  9  9  7  9  9  9  9  9  7  7  7  7  7  9  9  7
   |  0  0  0  4  4     4  4  0  4  4  4  4  4  0  0  0  0  0  4  4  0
  6| 14 14 14 14 14 14 -- 15 14 14 14 14 14 14 14 14 14 14 14 14 14 14
   |  4  4  4  4  4  4     7  4  4  4  4  4  4  4  4  4  4  4  4  4  4
  7| 17 17 17 17 17 17 17 -- 17 17 17 17 17 17 17 17 17 17 17 17 17 17
   |  6  6  6  6  6  6  6     6  6  6  6  6  6  6  6  6  6  6  6  6  6
  8|  0  0  0  0  1  0  1  1 --  0  0  0  0  0  0  0  0  0 40  0  0  0
   |  0  0  0  0  4  0  4  4     0  0  0  0  0  0  0  0  0 18  0  0  0
  9| 27 27 27 27 27 27 27 27 27 -- 23 23 24 24 27 27 27 27 27 43 27 27
   | 20 20 20 20 20 20 20 20 20    10 10 12 12 20 20 20 20 20 19 20 20
 10| 25 25 25 25 25 25 25 25 25 25 -- 28 25 25 25 25 25 25 25 25 25 25
   |  9  9  9  9  9  9  9  9  9  9    11  9  9  9  9  9  9  9  9  9  9
 11| 30 30 30 30 30 30 30 30 30 30 30 -- 30 30 30 30 30 30 30 30 30 30
   | 10 10 10 10 10 10 10 10 10 10 10    10 10 10 10 10 10 10 10 10 10
 12| 26 26 26 26 26 26 26 26 26 26 26 26 -- 29 26 26 26 26 26 26 26 26
   |  9  9  9  9  9  9  9  9  9  9  9  9    13  9  9  9  9  9  9  9  9
 13| 31 31 31 31 31 31 31 31 31 31 31 31 31 -- 31 31 31 31 31 31 31 31
   | 12 12 12 12 12 12 12 12 12 12 12 12 12    12 12 12 12 12 12 12 12
 14| 19 19 19 33 19 19 19 19 19 33 33 33 33 33 -- 19 19 19 19 33 33 19
   |  0  0  0  3  0  0  0  0  0  3  3  3  3  3     0  0  0  0  3  3  0
 15| 35 35 35 35 35 35 35 35 35 35 35 35 35 35 35 -- 35 35 35 35 35 35
   |  0  0  0  0  0  0  0  0  0  0  0  0  0  0  0     0  0  0  0  0  0
 16| 37 37 37 37 37 37 37 37 37 37 37 37 37 37 37 37 -- 37 37 37 37 37
   |  1  1  1  1  1  1  1  1  1  1  1  1  1  1  1  1     1  1  1  1  1
 17| 39 39 39 39 39 39 39 39 39 39 39 39 39 39 39 39 39 -- 39 39 39 39
   |  2  2  2  2  2  2  2  2  2  2  2  2  2  2  2  2  2     2  2  2  2
 18| 41 41 41 41 41 41 41 41 41 41 41 41 41 41 41 41 41 41 -- 41 41 41
   |  8  8  8  8  8  8  8  8  8  8  8  8  8  8  8  8  8  8     8  8  8
 19| 42 42 42 42 42 42 42 42 42 42 42 42 42 42 42 42 42 42 42 -- 42 42
   |  9  9  9  9  9  9  9  9  9  9  9  9  9  9  9  9  9  9  9     9  9
 20| 45 45 45 45 45 45 45 45 45 44 44 44 44 44 45 45 45 45 45 44 -- 45
   |  3  3  3  3  3  3  3  3  3  9  9  9  9  9  3  3  3  3  3  9     3
 21| 46 46 46 46 46 46 46 46 46 46 46 46 46 46 46 46 46 46 46 46 46 --
   |  0  0  0  0  0  0  0  0  0  0  0  0  0  0  0  0  0  0  0  0  0   

uvw: [100, 10, 0]
uvw: uvw: [100, 10, 0]
uvw reference: Reference for an uvw with Type: ITRF,
Frame: Epoch: 50927::22:18:12.3840 (TDB = 50927.9, UT1 = 50927.9, TT = 50927.9)
       Position: [-4.75092e+06, 2.79291e+06, -3.20048e+06]
        (Longitude = 2.61014 Latitude = -0.526138)
       Direction: [0.17101, 0.0301537, 0.984808]
        (J2000 = [-33.1687, 80.0127] deg)
uvw reference: Reference for an uvw with Type: J2000
Test uvw conversion ...
--------------------------------------
Converted uvw: [100, 10, 0]
 to Reference for an uvw with Type: J2000
 as uvw: [99.9944, 10.0562, -1.50948e-07]
Back      uvw: [100, 10, 0] : not ok
 as uvw: [100, 10, -1.50877e-07]
--------------------------------------
Make uvw from Baseline
Baseline: [100, 10, 1][5.71059, 0.570096] deg
Direction:[0.612372, 0.353553, 0.707107][30, 45] deg
uvw:      [-41.3397, -64.0657, 65.4799][-122.833, 40.6561] deg
--------------------------------------
Testing all conversions forward/backward
All forward/backward uvw conversions: ok
--------------------------------------
Exercise all MVuvw functions
putValue:       [23 m, 23 m, 23 m], [23, 23, 23]
uvwAngle:  -2.1853
uvwAngle:  -125.209 deg
get:            [39.8372, 0.785398, 0.61548]
getRecordValue: [0.785398 rad, 0.61548 rad, 39.8372 m]
separation:     3.14159
separation:     180 deg
crossProduct:   [-230, 2300, -2070]
getAngle:       [0.785398, 0.61548] rad
getAngle:       [45, 35.2644] deg
getlength:      3983.72 cm
radius:         39.8372
getXRecordValue:[23 m, 23 m, 23 m]
putVector:      [30, 40, 0], [30, 40, 0]
VQ constructor: [23, 23, 23]
Pos constructor:[7.07107, -28.5774, 40.4145]
Q constructor:  [0, 0, 50]
QV constructor: [0.57735, 0.57735, 0.57735]
QV constructor: [19.6299, 19.6299, 19.6299]
V constructor:  [30, 40, 0]
D constructor:  [0, 0, 78]
operator+:      [53, 63, 23]
operator-:      [7, 17, -23]
operator-pre-:  [-23, -23, -23]
operator*:      [23, 19.7536, 25.8418]
operator*:      [46, 46, 46]
assure:         ok
getLength:      50 m
operator*:      2500
operator*       1610
operator*:      2500
clone:          [30, 40, 0]
getVector:      [30, 40, 0]
near:           0
near:           0
nearAbs:        0
!=:             1
==:             0
Original:       [30, 40, 0]
adjust:         [0.6, 0.8, 0]
readjust:       [30, 40, 0]
All MVuvw functions: ok
----------------------------
Exercise all Muvw function
getType:        1, 10
giveMe:         1, Reference for an uvw with Type: AZEL
setRefString:   1, uvw: [100, 10, 0]
assure:         ok
clone:          uvw: [100, 10, 0]
get:            [10000, 1000, 0] cm
getAngle:       [5.71059, 0] deg
getDefaultType: ITRF
getRefString:   HADEC
Original:       uvw: [100, 10, 0]
Ctor copy:      uvw: [100, 10, 0]
Assign:         uvw: [100, 10, 0]
tellMe:         uvw
showMe:         uvw
All Muvw functions: ok
---------------------------
Test Muvw exception
---------------------------
Illegal Measure type argument: uvw
Test MVuvw exception
---------------------------
Illegal MeasValue type argument: MVuvw
---------------------------
