Give choice1 ([no],yes,none): no
Give choice2 ([no],yes,none): 'YES' is an invalid answer; retry
Give choice2 ([no],yes,none): yes
Give choice3 ([no],yes,none): 'non' is an invalid answer; retry
Give choice3 ([no],yes,none): 'no1' is an invalid answer; retry
Give choice3 ([no],yes,none): none
