-- -- -- -- -- (1) -- -- -- -- --
<onePa> - 31.7.16.72.3.
<onePa> - 3.72.16.7.31.
-- -- -- -- -- (2) -- -- -- -- --
72 & 72
103 & 103
<b:onePb> - 3.72.103.16.7.31.
<f:onePb> - 31.7.16.103.72.3.
-- -- -- -- -- (3) -- -- -- -- --
103 <30> 3 <30> 31 <-25> 103 <13> 16
-- -- -- -- -- (4) -- -- -- -- --
3 & 3
<b:onePb> - 3.103.16.7.31.
<f:onePb> - 31.7.16.103.3.
103 & 103
<b:onePb> - 3.103.7.31.
<f:onePb> - 31.7.103.3.
-- -- -- -- -- (5) -- -- -- -- --
<onePc> - 7.103.3.
<onePc> - 611.623.654.613.690.685.601.671.604.
<onePb> - 690.685.601.671.604.
<b:onePc> - 3.103.613.654.623.611.
<f:onePc> - 611.623.654.613.103.3.
<b:onePa> - 604.671.601.685.690.7.31.
<f:onePa> - 31.7.690.685.601.671.604.
-- -- -- -- -- (6) -- -- -- -- --
<b:onePb> - 3.103.
<f:onePb> - 103.3.
<b:onePa> - 604.671.601.685.690.7.31.
<f:onePa> - 31.7.690.685.601.671.604.
<b:onePc> - 613.654.623.611.
<f:onePc> - 611.623.654.613.
<b:onePa> - 
<f:onePa> - 
<b:onePb> - 613.654.623.611.604.671.601.685.690.7.31.3.103.
<f:onePb> - 103.3.31.7.690.685.601.671.604.611.623.654.613.
<b:onePc> - 
<f:onePc> - 
28 22 20 29 24 23 
IterError: List operation performed with cursor past the end of the list.
23 24 29 20 22 28 
IterError: Iterator backed past the beginning of the list.
-- -- -- -- -- (show) -- -- -- -- --
len=0 pos=0
-- -- -- -- -- (show) -- -- -- -- --
len=6 pos=0 28 22 20 29 24 23
28 22 20 29 24 23 

>>> Instance-specific assertion error message:
#X# IterError: (/aips++/code/include/aips/Containers/List.h : 378) Failed AlwaysAssertExit isValid()
<<< End of assertion error message.
-- -- -- -- -- (cout) -- -- -- -- --
len=0 pos=0
-- -- -- -- -- (show) -- -- -- -- --
len=13 pos=0 103 3 31 7 690 685 601 671 604 611 623 654 613
-- -- -- -- -- (dump) -- -- -- -- --
len=0 pos=0
>>> Instance-specific assertion error message:
-- -- -- -- -- (show) -- -- -- -- --
len=
#X# IterError: (/aips++/code/include/aips/Containers/List.h : 443) Failed AlwaysAssertExit isValid()
<<< End of assertion error message.
-- -- -- -- -- (show) -- -- -- -- --
len=4 pos=0 6 5 4 3
-- -- -- -- -- (show) -- -- -- -- --
len=4 pos=0 6 5 4 3
