# time oper tabid name row(s) shape blc/trc/inc
# Note: shapes are in Fortran order

time1 n t=0 tTableTrace_tmp.tab 
time1 t t=0 *flush* 
time1 c t=0 tTableTrace_tmp.tab 
time1 o t=0 tTableTrace_tmp.tab 
time1 c t=0 tTableTrace_tmp.tab 

# time oper tabid name row(s) shape blc/trc/inc
# Note: shapes are in Fortran order

time2 n t=0 tTableTrace_tmp.tab 
time2 w t=0 ad 0 [8]
time2 w t=0 ad 1 [8]
time2 w t=0 ad 2 [8]
time2 w t=0 ad 3 [8]
time2 w t=0 ad 4 [8]
time2 t t=0 *flush* 
time2 c t=0 tTableTrace_tmp.tab 
time2 o t=0 tTableTrace_tmp.tab 
time2 r t=0 ad 0 [8]
time2 r t=0 ad 1 [8]
time2 r t=0 ad 2 [8]
time2 r t=0 ad 3 [8]
time2 r t=0 ad 4 [8]
time2 r t=0 ad 0:3 [8,4]
time2 s t=0 *reftable* 
time2 r t=0 ad 0,1,2,3,4 [8,5]
time2 c t=0 *reftable* 
time2 c t=0 tTableTrace_tmp.tab 

# time oper tabid name row(s) shape blc/trc/inc
# Note: shapes are in Fortran order

time2 n t=0 tTableTrace_tmp.tab 
time2 w t=0 ab 0
time2 w t=0 ab 1
time2 w t=0 ab 2
time2 w t=0 ab 3
time2 w t=0 ab 4
time2 t t=0 *flush* 
time2 c t=0 tTableTrace_tmp.tab 
time2 o t=0 tTableTrace_tmp.tab 
time2 r t=0 ab *
time2 r t=0 ab 0:3
time2 s t=0 *reftable* 
time2 r t=0 ab 0,1,2,3,4
time2 c t=0 *reftable* 
time2 c t=0 tTableTrace_tmp.tab 
