 pol.isDefined=0
 pol.isDefined=1
data.isDefined=0
weig.isDefined=1
freq.isDefined=1
[16][25][16, 25][16, 25]
 pol.isDefined=0
 pol.isDefined=1
data.isDefined=0
weig.isDefined=1
freq.isDefined=1
[16][25][16, 25][16, 25]
 pol.isDefined=0
 pol.isDefined=1
data.isDefined=0
weig.isDefined=1
freq.isDefined=1
[16][25][16, 25][16, 25]
 pol.isDefined=0
 pol.isDefined=1
data.isDefined=0
weig.isDefined=1
freq.isDefined=1
[16][25][16, 25][16, 25]
 pol.isDefined=0
 pol.isDefined=1
data.isDefined=0
weig.isDefined=1
freq.isDefined=1
[16][25][16, 25][16, 25]
 pol.isDefined=1
 pol.isDefined=1
data.isDefined=1
weig.isDefined=1
freq.isDefined=1
[16][25][16, 25][16, 25]
 pol.isDefined=1
 pol.isDefined=1
data.isDefined=1
weig.isDefined=1
freq.isDefined=1
[16][25][16, 25][16, 25]
 pol.isDefined=1
 pol.isDefined=1
data.isDefined=1
weig.isDefined=1
freq.isDefined=1
[16][25][16, 25][16, 25]
 pol.isDefined=1
 pol.isDefined=1
data.isDefined=1
weig.isDefined=1
freq.isDefined=1
[16][25][16, 25][16, 25]
 pol.isDefined=1
 pol.isDefined=1
data.isDefined=1
weig.isDefined=1
freq.isDefined=1
[16][25][16, 25][16, 25]
