get scalar row 0
get scalar row 1
get scalar row 2
get scalar row 3
get scalar row 4
get scalar row 5
get scalar row 6
get scalar row 7
get scalar row 8
get scalar row 9
10 10
