wrote 105 buckets of 32768 bytes
checked 105 buckets
