1
1
1
1
-30
10
-20
80
-100000
100000
18.45
23.987
(2,3)
(2.5,3.8)
A
B
This is a teststring
1
-30
10
-20
80
-100000
100000
18.45
23.987
(2,3)
(2.5,3.8)
A
B
This is a teststring
This is a teststring
RegularFileIO: new file tByteSinkSource_tmp.dat already exists
