{
   "arr": []
  ,"arr": [0, 1, 2]
  ,"arr": [[0, 1, 2],
           [3, 4, 5],
           [6, 7, 8]]
  ,"arr": [[[0, 1, 2],
            [3, 4, 5],
            [6, 7, 8]],
           [[9, 10, 11],
            [12, 13, 14],
            [15, 16, 17]],
           [[18, 19, 20],
            [21, 22, 23],
            [24, 25, 26]]]
   # comment1
  ,"arrs": [["s0",
             "s1"],
            ["s2",
             "s3"]]
  ,"key1": true
   # comment2
  ,"key2": 1
  ,"key3": -10
  ,"key4": 11.5
  ,"key5": -13.2345
  ,"key6": {"r":-1, "i":2}
  ,"key7": {"r":3, "i":-4}
  ,"key8": "string"
  ,"null1": null
  ,"null2": null
  ,"null3": null
  ,"arrf": [[0, 1, 2, 3, 4],
            [5, 6, 7, 8, 9],
            [10, 11, 12, 13, 14]]
  ,"rec": {
     "recfld": 1
    ,"recarr": [[0, 1, 2, 3, 4],
                [5, 6, 7, 8, 9],
                [10, 11, 12, 13, 14]]
    ,"recsub": {
       "subf1": 2
      ,"subf2": [[15, 16, 17, 18, 19],
                 [20, 21, 22, 23, 24],
                 [25, 26, 27, 28, 29]]
    }
  }
}
