Initial value for complex: (0,0)
(0,0) :
    real part:      0 == 0
    imaginary part: 0 == 0
(23.9,1.8) == (23.9,1.8) ~= (23,1)
-(0.921,7.812) == (-0.921,-7.812)
conj((0.921,7.812)) == (0.921,-7.812)
norm((0.921,7.812)) == 61.8756
arg((0.921,7.812)) == 1.45344
fabs((18.9,-2.31)) == 19.0406
out: (237.561,0.9312)           in: (237.561,0.9312)
(5,2) == (5,2)
- - - - - - - - - - - - - - - - - - - -
(23.9,1.8) + (9.2,8.2) = (33.1,10)
(23.9,1.8) * (9.2,8.2) = (205.12,212.54)
(23.9,1.8) - (9.2,8.2) = (14.7,-6.4)
(23.9,1.8) / (9.2,8.2) = (1.5449,-1.18133)

- - - - - - - - - - - - - - - - - - - -
(23.9,1.8) + 7.561 = (31.461,1.8)
(23.9,1.8) * 7.561 = (180.708,13.6098)
(23.9,1.8) - 7.561 = (16.339,1.8)
(23.9,1.8) / 7.561 = (3.16096,0.238064)

- - - - - - - - - - - - - - - - - - - -
(23.9,1.8) + 13 = (36.9,1.8)
(23.9,1.8) * 13 = (310.7,23.4)
(23.9,1.8) - 13 = (10.9,1.8)
(23.9,1.8) / 13 = (1.83846,0.138462)

- - - - - - - - - - - - - - - - - - - -
(23.9,1.8) +=  4 -> (27.9,1.8)
(27.9,1.8) *=  4 -> (111.6,7.2)
(111.6,7.2) -=  4 -> (107.6,7.2)
(107.6,7.2) /=  4 -> (26.9,1.8)

- - - - - - - - - - - - - - - - - - - -
(26.9,1.8) +=  0.896 -> (27.796,1.8)
(27.796,1.8) *=  0.896 -> (24.9052,1.6128)
(24.9052,1.6128) -=  0.896 -> (24.0092,1.6128)
(24.0092,1.6128) /=  0.896 -> (26.796,1.8)

- - - - - - - - - - - - - - - - - - - -
(26.796,1.8) +=  simChar -> (28.796,1.8)
(28.796,1.8) *=  simChar -> (57.592,3.6)
(57.592,3.6) -=  simChar -> (55.592,3.6)
(55.592,3.6) /=  simChar -> (27.796,1.8)

- - - - - - - - - - - - - - - - - - - -
(27.796,1.8) +=  (2.7,1.8) -> (30.496,3.6)
(30.496,3.6) *=  (2.7,1.8) -> (75.8592,64.6128)
(75.8592,64.6128) -=  (2.7,1.8) -> (73.1592,62.8128)
(73.1592,62.8128) /=  (2.7,1.8) -> (29.496,3.6)

- - - - - - - - - - - - - - - - - - - -
(29.496,3.6) +=  (0.921,7.812) -> (30.417,11.412)
(30.417,11.412) *=  (0.921,7.812) -> (-61.1365,248.128)
(-61.1365,248.128) -=  (0.921,7.812) -> (-62.0575,240.316)
(-62.0575,240.316) /=  (0.921,7.812) -> (29.417,11.412)

- - - - - - - - - - - - - - - - - - - -
sin((33.417,13.412)) = (303543,-139313)
cos((33.417,13.412)) = (-139313,-303543)
sinh((33.417,13.412)) = (1.08012e+14,1.21875e+14)
cosh((33.417,13.412)) = (1.08012e+14,1.21875e+14)

- - - - - - - - - - - - - - - - - - - -
log((33.417,13.412)) = (3.58374,0.381672)
log10((33.417,13.412)) = (1.5564,0.165758)
exp((33.417,13.412)) = (2.16024e+14,2.43751e+14)

- - - - - - - - - - - - - - - - - - - -
pow((33.417,13.412),(36,14) = (Inf,Inf)

- - - - - - - - - - - - - - - - - - - -
sqrt((33.417,13.412)) = (5.89173,1.13821)

- - - - - - - - - - - - - - - - - - - -
(33.417,13.412) == (9.2,8.2) -> 0
(33.417,13.412) != (9.2,8.2) -> 1
(33.417,13.412) >= (9.2,8.2) -> 1
(33.417,13.412) > (9.2,8.2) -> 1
(33.417,13.412) <= (9.2,8.2) -> 0
(33.417,13.412) < (9.2,8.2) -> 0

- - - - - - - - - - - - - - - - - - - -
(9.2,8.2) == (33.417,13.412) -> 0
(9.2,8.2) != (33.417,13.412) -> 1
(9.2,8.2) >= (33.417,13.412) -> 0
(9.2,8.2) > (33.417,13.412) -> 0
(9.2,8.2) <= (33.417,13.412) -> 1
(9.2,8.2) < (33.417,13.412) -> 1

- - - - - - - - - - - - - - - - - - - -
(33.417,13.412) == (33.417,13.412) -> 1
(33.417,13.412) != (33.417,13.412) -> 0
(33.417,13.412) >= (33.417,13.412) -> 1
(33.417,13.412) > (33.417,13.412) -> 0
(33.417,13.412) <= (33.417,13.412) -> 1
(33.417,13.412) < (33.417,13.412) -> 0

- - - - - - - - - - - - - - - - - - - -
