b =    10101010101010101010101010101010110
c =   [01010101010101010101010101010101010]
b^c = [11111111111111111111111111111111100]
d =   [11111111111111111111111111111110000]
b|c = [11111111111111111111111111111111110]
b&c = [00000000000000000000000000000000010]
~b  = [01010101010101010101010101010101001]
b==b = 1
b!=b = 0
b==c = 0
b!=c = 1
b1 = [10101010101010101010101010101010110]
Size of b1 is 70
b1 = [1010101010101010101010101010101011000000000000000000000000000000000000]
b1 = [10101010101010101010101010101010110]
b1 = [1010101010101010101010101010101011011111111111111111111111111111111111]
b1 = [10101010101010101010101010101010110]
b1 = [0000000000000000000000000000000000000000000000000000000000000000000000]
b1 = [11111111111111111111111111111111111]
b1 = [1111111111111111111111111111110101010101010101010101011111111111111111]
