myobj(fred) ctor
fred..fred..fred..fred..
myobj(barney) ctor
barney..fred..fred..fred..
myobj(betty) ctor
myobj(fred) dtor
barney..betty..betty..betty..
myobj(betty) dtor
myobj(barney) dtor
