abcd 2: match=1 dist=0 distlr=0 distrl=0
Axis Lengths: [5, 7]  (NB: Matrix in Row/Column order)
[0, 1, 2, 3, 4, -1, -1
 1, 0, 1, 2, 3, -1, -1
 2, 1, 0, 1, 2, -1, -1
 3, 2, 1, 0, 1, -1, -1
 4, 3, 2, 1, 0, -1, -1]
abcd 2: match=1 dist=0 distlr=0 distrl=0
Axis Lengths: [5, 7]  (NB: Matrix in Row/Column order)
[0, 1, 2, 3, 4, -1, -1
 1, 0, 1, 2, 3, -1, -1
 2, 1, 0, 1, 2, -1, -1
 3, 2, 1, 0, 1, -1, -1
 4, 3, 2, 1, 0, -1, -1]
AbCd 2: match=0 dist=4 distlr=4 distrl=4
Axis Lengths: [5, 7]  (NB: Matrix in Row/Column order)
[0, 1, 2, 3, 4, -1, -1
 1, 1, 2, 3, 4, -1, -1
 2, 2, 2, 3, 4, -1, -1
 3, 3, 3, 3, 4, -1, -1
 4, 4, 4, 4, 4, -1, -1]
abcd 2: match=1 dist=0 distlr=4 distrl=4
Axis Lengths: [5, 7]  (NB: Matrix in Row/Column order)
[0, 1, 2, 3, 4, -1, -1
 1, 0, 1, 2, 3, -1, -1
 2, 1, 0, 1, 2, -1, -1
 3, 2, 1, 0, 1, -1, -1
 4, 3, 2, 1, 0, -1, -1]
abcd 2: match=1 dist=0 distlr=2 distrl=2
Axis Lengths: [5, 7]  (NB: Matrix in Row/Column order)
[0, 1, 2, 3, 4, -1, -1
 1, 0, 1, 2, 3, -1, -1
 2, 1, 0, 1, 2, -1, -1
 3, 2, 1, 0, 1, -1, -1
 4, 3, 2, 1, 0, -1, -1]
ACbd 2: match=0 dist=3 distlr=3 distrl=3
Axis Lengths: [5, 7]  (NB: Matrix in Row/Column order)
[0, 1, 2, 3, 4, -1, -1
 1, 1, 2, 3, 4, -1, -1
 2, 2, 2, 3, 4, -1, -1
 3, 3, 2, 3, 4, -1, -1
 4, 4, 3, 3, 3, -1, -1]
acbd 2: match=1 dist=2 distlr=3 distrl=3
Axis Lengths: [5, 7]  (NB: Matrix in Row/Column order)
[0, 1, 2, 3, 4, -1, -1
 1, 0, 1, 2, 3, -1, -1
 2, 1, 1, 1, 2, -1, -1
 3, 2, 1, 2, 2, -1, -1
 4, 3, 2, 2, 2, -1, -1]
acbd 2: match=1 dist=1 distlr=3 distrl=3
Axis Lengths: [5, 7]  (NB: Matrix in Row/Column order)
[0, 1, 2, 3, 4, -1, -1
 1, 0, 1, 2, 3, -1, -1
 2, 1, 1, 1, 2, -1, -1
 3, 2, 1, 1, 2, -1, -1
 4, 3, 2, 2, 1, -1, -1]
acbd 2: match=0 dist=3 distlr=4 distrl=4
Axis Lengths: [5, 7]  (NB: Matrix in Row/Column order)
[0, 1, 2, 3, 4, 5, -1
 1, 0, 1, 2, 3, 4, -1
 2, 1, 1, 2, 2, 3, -1
 3, 2, 1, 2, 3, 3, -1
 4, 3, 2, 2, 3, 3, -1]
acbd 2: match=1 dist=1 distlr=4 distrl=4
Axis Lengths: [5, 7]  (NB: Matrix in Row/Column order)
[0, 1, 2, 3, 4, -1, -1
 1, 0, 1, 2, 3, -1, -1
 2, 1, 1, 1, 2, -1, -1
 3, 2, 1, 1, 2, -1, -1
 4, 3, 2, 2, 1, -1, -1]
ab 1: match=1 dist=1 distlr=1 distrl=1
Axis Lengths: [3, 4]  (NB: Matrix in Row/Column order)
[0, 1, 2, -1
 1, 1, 1, -1
 2, 1, 1, -1]
