+206.23.12.281
13:45:32.819
25-Jan-2012 13:45:33
2012-01-25T13:45:32.8187
2012/01/25/13:45:33
25-Jan-2012/13:46:
25-Jan-2012/13:46
Wed-13:45:32.819
Wed
Wed 25-Jan-2012 13:45:32.819
55951/13:45:32.819
55951
