Test LSQaips
---------------------------------------------------
Real -- 6 unknowns --- ctor --------
Invert = 1, rank=6
Sol0: 1, 0, 0
Sol1: 2, 0, 0
Sol2: 0, 0, 0
Sol3: 0, 0, 0
Sol4: 0, 0, 0
Sol5: 0, 0, 0
Chi2: 0
Errors: 0, 0, 0, 0, 0, 0
Cov(0): 0.0679631: -0.0023251: 2.42429e-05: -1.06639e-07: 2.08482e-10: 0
Cov(1): -0.0023251: 0.000107006: -1.2589e-06: 5.91553e-09: -1.20576e-11: 0
Cov(2): 2.42429e-05: -1.2589e-06: 1.58133e-08: -7.74402e-11: 0: 0
Cov(3): -1.06639e-07: 5.91553e-09: -7.74402e-11: 0: 0: 0
Cov(4): 2.08482e-10: -1.20576e-11: 0: 0: 0: 0
Cov(5): 0: 0: 0: 0: 0: 0
Float: 
Sol0: 1, 0, 0
Sol1: 2, 0, 0
Sol2: 0, 0, 0
Sol3: 0, 0, 0
Sol4: 0, 0, 0
Sol5: 0, 0, 0
Errors: 0, 0, 0, 0, 0, 0
Cov(0): 0.0679631: -0.0023251: 2.42429e-05: -1.06639e-07: 2.08482e-10: 0
Cov(1): -0.0023251: 0.000107006: -1.2589e-06: 5.91553e-09: -1.20576e-11: 0
Cov(2): 2.42429e-05: -1.2589e-06: 1.58133e-08: -7.74402e-11: 0: 0
Cov(3): -1.06639e-07: 5.91553e-09: -7.74402e-11: 0: 0: 0
Cov(4): 2.08482e-10: -1.20576e-11: 0: 0: 0: 0
Cov(5): 0: 0: 0: 0: 0: 0
---------------------------------------------------
Real -- 6 unknowns --- float -------
Invert = 1, rank=6
Sol0: 1, 0, 0
Sol1: 2, 0, 0
Sol2: 0, 0, 0
Sol3: 0, 0, 0
Sol4: 0, 0, 0
Sol5: 0, 0, 0
---------------------------------------------------
Real -- 6 unknowns --- float ------- indexed ---
Invert = 1, rank=6
Sol0: 1, 0, 0
Sol1: 2, 0, 0
Sol2: 0, 0, 0
Sol3: 0, 0, 0
Sol4: 0, 0, 0
Sol5: 0, 0, 0
---------------------------------------------------
Real -- 6 unknowns --- set --------
Invert = 1, rank=6
Sol0: 1, 0, 0
Sol1: 2, 0, 0
Sol2: 0, 0, 0
Sol3: 0, 0, 0
Sol4: 0, 0, 0
Sol5: 0, 0, 0
---------------------------------------------------
Real -- 6 unknowns ---  =  --------
Sol0: 1, 0, 0
Sol1: 2, 0, 0
Sol2: 0, 0, 0
Sol3: 0, 0, 0
Sol4: 0, 0, 0
Sol5: 0, 0, 0
---------------------------------------------------
Real -- 6 unknowns --- copy -------
Sol0: 1, 0, 0
Sol1: 2, 0, 0
Sol2: 0, 0, 0
Sol3: 0, 0, 0
Sol4: 0, 0, 0
Sol5: 0, 0, 0
---------------------------------------------------
Real -- 3 angles -------
Sol0: -90, 0, 0
Sol1: 45, 0, 0
Sol2: 46, 0, 0
---------------------------------------------------
Real -- 3 angles - constraint 180
Sol0: 89.6667, 0.57735, 0.57735
Sol1: 44.6667, 0.57735, 0.57735
Sol2: 45.6667, 0.57735, 0.57735
---------------------------------------------------
Complex-----------------------
(0): , wt: 1, ob: (6,4)
(1): , wt: 5, ob: (3,8)
(2): , wt: 2, ob: (-15,9)
(3): , wt: 7, ob: (6,4)
(4): , wt: 3, ob: (3,8)
(5): , wt: 4, ob: (-15,9)
nun, np, ncon, ner, rank: 6, 6, 0, 4, 6
collinearity, factor-1: 1e-06, 1
Norm-0: 22: 0: -4: 8: 24: -12
    -1: 22: -8: -4: 12: 24
    -2: 40: 0: 8: 8
    -3: 40: -8: 8
    -4: 64: 0
    -5: 64

Known: -18: 150: 164: -52: 204: 340
Constraint-0: --
Error: 12: 44: 2836: 0
Pivot: --
Invert-0: --
Sol: --
---------------------------------------------------
nun, np, ncon, ner, rank: 6, 6, 0, 4, 6
collinearity, factor-1: 1e-06, 1
Norm-0: 22: 0: -4: 8: 24: -12
    -1: 22: -8: -4: 12: 24
    -2: 40: 0: 8: 8
    -3: 40: -8: 8
    -4: 64: 0
    -5: 64

Known: -18: 150: 164: -52: 204: 340
Constraint-0: --
Error: 12: 44: 2836: 0
Pivot: 0: 1: 2: 3: 4: 5
Invert-0: 22: 0: -4: 8: 24: -12
      -1: 22: -8: -4: 12: 24
      -2: 36.3636: 0: 16.7273: 14.5455
      -3: 36.3636: -14.5455: 16.7273
      -4: 17.76: 0
      -5: 17.76

Sol: --
---------------------------------------------------
Sol: 1: 1: 3: -2: 2: 5
mu: 0, me: 0
Cov(0): 0.171171: 0: 0.0247748: -0.0563063: -0.0743243: 0.036036
Cov(1): 0: 0.171171: 0.0563063: 0.0247748: -0.036036: -0.0743243
Cov(2): 0.0247748: 0.0563063: 0.0484234: 0: -0.0259009: -0.0225225
Cov(3): -0.0563063: 0.0247748: 0: 0.0484234: 0.0225225: -0.0259009
Cov(4): -0.0743243: -0.036036: -0.0259009: 0.0225225: 0.0563063: 0
Cov(5): 0.036036: -0.0743243: -0.0225225: -0.0259009: 0: 0.0563063
---------------------------------------------------
Complex------  other calls ----------
Sol: 1: 1: 3: -2: 2: 5
mu: 0, me: 0
Sol: (1,1): (3,-2): (2,5)
mu: 0, me: 0
Sol: (1,1): (3,-2): (2,5)
mu: 0, me: 0
Cov(0): 0.171171: 0: 0.0247748: -0.0563063: -0.0743243: 0.036036
Cov(1): 0: 0.171171: 0.0563063: 0.0247748: -0.036036: -0.0743243
Cov(2): 0.0247748: 0.0563063: 0.0484234: 0: -0.0259009: -0.0225225
Cov(3): -0.0563063: 0.0247748: 0: 0.0484234: 0.0225225: -0.0259009
Cov(4): -0.0743243: -0.036036: -0.0259009: 0.0225225: 0.0563063: 0
Cov(5): 0.036036: -0.0743243: -0.0225225: -0.0259009: 0: 0.0563063
Cov(0): (0.171171,0): (0.0247748,-0.0563063): (-0.0743243,0.036036)
Cov(1): (0.0247748,0.0563063): (0.0484234,0): (-0.0259009,-0.0225225)
Cov(2): (-0.0743243,-0.036036): (-0.0259009,0.0225225): (0.0563063,0)
Cov(0): (0.171171,0): (0.0247748,-0.0563063): (-0.0743243,0.036036)
Cov(1): (0.0247748,0.0563063): (0.0484234,0): (-0.0259009,-0.0225225)
Cov(2): (-0.0743243,-0.036036): (-0.0259009,0.0225225): (0.0563063,0)
---------------------------------------------------
Complex-Rank------------------
(0): , wt: 1, ob: (6,4)
(1): , wt: 5, ob: (3,8)
(2): , wt: 2, ob: (3,8)
(3): , wt: 7, ob: (6,4)
(4): , wt: 3, ob: (3,8)
(5): , wt: 4, ob: (3,8)
nun, np, ncon, ner, rank: 6, 6, 0, 4, 6
collinearity, factor-1: 1e-06, 1
Norm-0: 22: 0: 8: 14: 36: 0
    -1: 22: -14: 8: 0: 36
    -2: 22: 0: 8: -28
    -3: 22: 28: 8
    -4: 64: 0
    -5: 64

Known: 90: 144: -64: 74: 132: 256
Constraint-0: --
Error: 12: 44: 1438: 0
Pivot: --
Invert-0: --
Sol: --
---------------------------------------------------
nun, np, ncon, ner, rank: 6, 6, 0, 4, 4
collinearity, factor-1: 1e-06, 1
Norm-0: 22: 0: 8: 14: 36: 0
    -1: 22: -14: 8: 0: 36
    -2: 22: 0: 8: -28
    -3: 22: 28: 8
    -4: 64: 0
    -5: 64

Known: 90: 144: -64: 74: 132: 256
Constraint-0: --
Error: 12: 44: 1438: 0
Pivot: 0: 1: 2: 3: 5: 4
Invert-0: 22: 0: 8: 14: -0.5: -1.5
      -1: 22: -14: 8: -1.5: 0.5
      -2: 10.1818: 0: 0.5: 0.5
      -3: 10.1818: 0.5: -0.5
      -4: 4: 0
      -5: 4

Sol: --
---------------------------------------------------
Sol: 2.75: 1.875: 2.125: -2: 1.125: 4.125
mu: 0, me: 0
LIN= (6,4)	LCHECK= (6,4)
LIN= (3,8)	LCHECK= (3,8)
LIN= (3,8)	LCHECK= (3,8)
LIN= (6,4)	LCHECK= (6,4)
LIN= (3,8)	LCHECK= (3,8)
LIN= (3,8)	LCHECK= (3,8)
Constraint(0): -1: -3: 1: 1: 0: 2
Constraint(1): -3: 1: 1: -1: 2: 0
Constraint(0): (-1,3): (1,-1): (0,-2): (0,0): (0,0): (0,0)
Gives: (0,0)
Gives: (0,0)
Cov(0): 0.0206473: 0: 0.0212054: -0.030692: 0.00502232: 0.015067
Cov(1): 0: 0.0206473: 0.030692: 0.0212054: -0.015067: 0.00502232
Cov(2): 0.0212054: 0.030692: 0.0809152: 0: -0.0239955: 0.016183
Cov(3): -0.030692: 0.0212054: 0: 0.0809152: -0.016183: -0.0239955
Cov(4): 0.00502232: -0.015067: -0.0239955: -0.016183: 0.0189732: 0
Cov(5): 0.015067: 0.00502232: 0.016183: -0.0239955: 0: 0.0189732
---------------------------------------------------
Complex+Constraint------------
(0): , wt: 1, ob: (6,4)
(1): , wt: 5, ob: (3,8)
(2): , wt: 2, ob: (3,8)
(3): , wt: 7, ob: (6,4)
(4): , wt: 3, ob: (3,8)
(5): , wt: 4, ob: (3,8)
nun, np, ncon, ner, rank: 6, 8, 2, 4, 8
collinearity, factor-1: 1e-06, 1
Norm-0: 22: 0: 8: 14: 36: 0
    -1: 22: -14: 8: 0: 36
    -2: 22: 0: 8: -28
    -3: 22: 28: 8
    -4: 64: 0
    -5: 64

Known: 90: 144: -64: 74: 132: 256: 0: 0
Constraint-0: 0: 0: 0: 0: 0: 0
          -1: 0: 0: 0: 0: 0: 0

Error: 12: 44: 1438: 0
Pivot: --
Invert-0: --
Sol: --
---------------------------------------------------
: -1
: -3
: 1
: -3
: 1
: 1
nun, np, ncon, ner, rank: 6, 8, 2, 4, 8
collinearity, factor-1: 1e-06, 1
Norm-0: 22: 0: 8: 14: 36: 0
    -1: 22: -14: 8: 0: 36
    -2: 22: 0: 8: -28
    -3: 22: 28: 8
    -4: 64: 0
    -5: 64

Known: 90: 144: -64: 74: 132: 256: 0: 0
Constraint-0: -1: -3: 1: 1: 0: 2
          -1: -3: 1: 1: -1: 2: 0

Error: 12: 44: 1438: 0
Pivot: --
Invert-0: --
Sol: --
---------------------------------------------------
nun, np, ncon, ner, rank: 6, 8, 2, 4, 8
collinearity, factor-1: 1e-06, 1
Norm-0: 22: 0: 8: 14: 36: 0
    -1: 22: -14: 8: 0: 36
    -2: 22: 0: 8: -28
    -3: 22: 28: 8
    -4: 64: 0
    -5: 64

Known: 90: 144: -64: 74: 132: 256: 0: 0
Constraint-0: -1: -3: 1: 1: 0: 2
          -1: -3: 1: 1: -1: 2: 0

Error: 12: 44: 1438: 0
Pivot: 7: 6: 2: 3: 4: 6: 6: 7
Invert-0: 0.0206473: 0: 0.0212054: -0.030692: 0.00502232: 0.015067: -0.0625: -0.1875
      -1: 0.0206473: 0.030692: 0.0212054: -0.015067: 0.00502232: -0.1875: 0.0625
      -2: 0.0809152: 0: -0.0239955: 0.016183: 0.0625: 0.0625
      -3: 0.0809152: -0.016183: -0.0239955: 0.0625: -0.0625
      -4: 0.0189732: 0: 0: 0.125
      -5: 0.0189732: 0.125: 0
      -6: 0: 0
      -7: 0

Sol: --
---------------------------------------------------
Sol: 2.75: 1.875: 2.125: -2: 1.125: 4.125
mu: 0, me: 0
Cov(0): 0.0206473: 0: 0.0212054: -0.030692: 0.00502232: 0.015067
Cov(1): 0: 0.0206473: 0.030692: 0.0212054: -0.015067: 0.00502232
Cov(2): 0.0212054: 0.030692: 0.0809152: 0: -0.0239955: 0.016183
Cov(3): -0.030692: 0.0212054: 0: 0.0809152: -0.016183: -0.0239955
Cov(4): 0.00502232: -0.015067: -0.0239955: -0.016183: 0.0189732: 0
Cov(5): 0.015067: 0.00502232: 0.016183: -0.0239955: 0: 0.0189732
---------------------------------------------------
Complex+Complex Constraint------------
nun, np, ncon, ner, rank: 6, 8, 2, 4, 8
collinearity, factor-1: 1e-06, 1
Norm-0: 22: 0: 8: 14: 36: 0
    -1: 22: -14: 8: 0: 36
    -2: 22: 0: 8: -28
    -3: 22: 28: 8
    -4: 64: 0
    -5: 64

Known: 90: 144: -64: 74: 132: 256: 0: 0
Constraint-0: -1: -3: 1: 1: 0: 2
          -1: -3: 1: 1: -1: 2: 0

Error: 12: 44: 1438: 0
Pivot: --
Invert-0: --
Sol: --
---------------------------------------------------
nun, np, ncon, ner, rank: 6, 8, 2, 4, 8
collinearity, factor-1: 1e-06, 1
Norm-0: 22: 0: 8: 14: 36: 0
    -1: 22: -14: 8: 0: 36
    -2: 22: 0: 8: -28
    -3: 22: 28: 8
    -4: 64: 0
    -5: 64

Known: 90: 144: -64: 74: 132: 256: 0: 0
Constraint-0: -1: -3: 1: 1: 0: 2
          -1: -3: 1: 1: -1: 2: 0

Error: 12: 44: 1438: 0
Pivot: 7: 6: 2: 3: 4: 6: 6: 7
Invert-0: 0.0206473: 0: 0.0212054: -0.030692: 0.00502232: 0.015067: -0.0625: -0.1875
      -1: 0.0206473: 0.030692: 0.0212054: -0.015067: 0.00502232: -0.1875: 0.0625
      -2: 0.0809152: 0: -0.0239955: 0.016183: 0.0625: 0.0625
      -3: 0.0809152: -0.016183: -0.0239955: 0.0625: -0.0625
      -4: 0.0189732: 0: 0: 0.125
      -5: 0.0189732: 0.125: 0
      -6: 0: 0
      -7: 0

Sol: --
---------------------------------------------------
Sol: 2.75: 1.875: 2.125: -2: 1.125: 4.125
mu: 0, me: 0
Cov(0): 0.0206473: 0: 0.0212054: -0.030692: 0.00502232: 0.015067
Cov(1): 0: 0.0206473: 0.030692: 0.0212054: -0.015067: 0.00502232
Cov(2): 0.0212054: 0.030692: 0.0809152: 0: -0.0239955: 0.016183
Cov(3): -0.030692: 0.0212054: 0: 0.0809152: -0.016183: -0.0239955
Cov(4): 0.00502232: -0.015067: -0.0239955: -0.016183: 0.0189732: 0
Cov(5): 0.015067: 0.00502232: 0.016183: -0.0239955: 0: 0.0189732
---------------------------------------------------
Complex+DComplex Constraint------------
nun, np, ncon, ner, rank: 6, 8, 2, 4, 8
collinearity, factor-1: 1e-06, 1
Norm-0: 22: 0: 8: 14: 36: 0
    -1: 22: -14: 8: 0: 36
    -2: 22: 0: 8: -28
    -3: 22: 28: 8
    -4: 64: 0
    -5: 64

Known: 90: 144: -64: 74: 132: 256: 0: 0
Constraint-0: -1: -3: 1: 1: 0: 2
          -1: -3: 1: 1: -1: 2: 0

Error: 12: 44: 1438: 0
Pivot: --
Invert-0: --
Sol: --
---------------------------------------------------
nun, np, ncon, ner, rank: 6, 8, 2, 4, 8
collinearity, factor-1: 1e-06, 1
Norm-0: 22: 0: 8: 14: 36: 0
    -1: 22: -14: 8: 0: 36
    -2: 22: 0: 8: -28
    -3: 22: 28: 8
    -4: 64: 0
    -5: 64

Known: 90: 144: -64: 74: 132: 256: 0: 0
Constraint-0: -1: -3: 1: 1: 0: 2
          -1: -3: 1: 1: -1: 2: 0

Error: 12: 44: 1438: 0
Pivot: 7: 6: 2: 3: 4: 6: 6: 7
Invert-0: 0.0206473: 0: 0.0212054: -0.030692: 0.00502232: 0.015067: -0.0625: -0.1875
      -1: 0.0206473: 0.030692: 0.0212054: -0.015067: 0.00502232: -0.1875: 0.0625
      -2: 0.0809152: 0: -0.0239955: 0.016183: 0.0625: 0.0625
      -3: 0.0809152: -0.016183: -0.0239955: 0.0625: -0.0625
      -4: 0.0189732: 0: 0: 0.125
      -5: 0.0189732: 0.125: 0
      -6: 0: 0
      -7: 0

Sol: --
---------------------------------------------------
Sol: 2.75: 1.875: 2.125: -2: 1.125: 4.125
mu: 0, me: 0
Cov(0): 0.0206473: 0: 0.0212054: -0.030692: 0.00502232: 0.015067
Cov(1): 0: 0.0206473: 0.030692: 0.0212054: -0.015067: 0.00502232
Cov(2): 0.0212054: 0.030692: 0.0809152: 0: -0.0239955: 0.016183
Cov(3): -0.030692: 0.0212054: 0: 0.0809152: -0.016183: -0.0239955
Cov(4): 0.00502232: -0.015067: -0.0239955: -0.016183: 0.0189732: 0
Cov(5): 0.015067: 0.00502232: 0.016183: -0.0239955: 0: 0.0189732
---------------------------------------------------
DComplex Non-linear------------
Iterations: 16
Ready:      Incremental solution too small
Sol:       (20,0), (25,0), (4,0)
me:        1.67828e-11, 1.67828e-11
---------------------------------------------------
Complex Non-linear------------
Iterations: 15
Ready:      Residual vector too small
Sol:       (20,0), (25,0), (4,0)
me:        0, 0
---------------------------------------------------
Complex -- all types ----------
Complex -- COMPLEX ------------
ok? 1; rank: 4
Sol0: (3,2)
Sol1: (-1,1)
sd: 0; mu: 0
Complex -- COMPLEX ------------ indexed ---
ok? 1; rank: 4
Sol0: (3,2)
Sol1: (-1,1)
sd: 0; mu: 0
Complex -- ASREAL -------------
ok? 1; rank: 4
Sol0: (3,0)
Sol1: (-1,0)
sd: 3.16228; mu: 3.16228
Complex -- ASREAL ------------- indexed ---
ok? 1; rank: 4
Sol0: (3,0)
Sol1: (-1,0)
sd: 3.16228; mu: 3.16228
Complex -- SEPARABLE ----------
ok? 1; rank: 2
Sol0: (2,3)
sd: 0; mu: 0
Complex -- SEPARABLE ---------- indexed ---
ok? 1; rank: 2
Sol0: (2,3)
sd: 0; mu: 0
Complex -- CONJUGATE ----------
ok? 1; rank: 2
Sol0: (1,0.5)
sd: 0; mu: 0
Complex -- CONJUGATE ---------- indexed ---
ok? 1; rank: 2
Sol0: (1,0.5)
sd: 0; mu: 0
---------------------------------------------------
Non-linear------------
Iterations: 15
Ready:      Incremental solution too small
Sol:       20, 25, 4
me:        3.41654e-08, 3.41654e-08
Non-linear with 1.0 (5% of max) noise ------------
Iterations: 15
Ready:      Incremental solution too small
Sol:       20.2328, 24.9948, 3.98577
me:        1.10818, 1.10818
Sol:       4.84325e-07, -1.20711e-07, -1.85906e-07
me:        1.10818, 1.10818
Covar: 0.150137, 0, -0.0197176
Covar: 0, 0.00388428, 0
Covar: -0.0197176, 0, 0.00776857
Non-linear---- Float --------
Iterations: 15
Ready:      Incremental solution too small
Sol:       20, 25, 4
me:        3.2312e-08, 3.2312e-08
---------------------------------------------------
