>>> TSMCube cache statistics:
cubeShape: [12, 20, 30, 42]
tileShape: [4, 5, 6, 7]
maxCacheSz:0
cacheSize: 60 (*6720)
#accesses: 60480
#reads:    360
#inits:    360
#writes:   360
hit-rate:  98.8095%
<<<
>>> TSMCube cache statistics:
cubeShape: [12, 20, 30, 42]
tileShape: [4, 5, 6, 7]
maxCacheSz:0
cacheSize: 60 (*6720)
#accesses: 30240
#reads:    360
#inits:    0
#writes:   0
hit-rate:  98.8095%
<<<
